Hello RustChain!